
> uk-visa-calculator@1.0.0 build
> next build

  Γû▓ Next.js 14.2.5

   Creating an optimized production build ...
 Γ£ô Compiled successfully
   Linting and checking validity of types ...
   Collecting page data ...
npm.cmd :  ΓÜá Using edge runtime on a page currently disables static generation for that page
At line:1 char:53
+ ...  $env:PATH; & "C:\Program Files\nodejs\npm.cmd" run build > build-out ...
+                 ~~~~~~~~~~~~~~~~~~~~~~~~~~~~~~~~~~~~~~~~~~~~~~~~~~~~~~~~~
    + CategoryInfo          : NotSpecified: ( ΓÜá Using edge...n for that page:String) [], RemoteException
    + FullyQualifiedErrorId : NativeCommandError
 
   Generating static pages (0/16) ...
   Generating static pages (4/16) 
   Generating static pages (8/16) 
   Generating static pages (12/16) 
 Γ£ô Generating static pages (16/16)
   Finalizing page optimization ...
   Collecting build traces ...

Route (app)                               Size     First Load JS
Γöî Γùï /                                     201 B            94 kB
Γö£ Γùï /_not-found                           871 B          87.9 kB
Γö£ Γùï /about                                201 B            94 kB
Γö£ ╞Æ /calculator                           9.26 kB         103 kB
Γö£ Γùï /contact                              201 B            94 kB
Γö£ Γùï /guides                               201 B            94 kB
Γö£ Γùï /guides/family-visa-costs             201 B            94 kB
Γö£ Γùï /guides/immigration-health-surcharge  201 B            94 kB
Γö£ Γùï /guides/skilled-worker-visa-costs     201 B            94 kB
Γö£ Γùï /guides/student-visa-costs            201 B            94 kB
Γö£ Γùï /how-it-works                         201 B            94 kB
Γö£ ╞Æ /opengraph-image                      0 B                0 B
Γö£ Γùï /privacy-policy                       201 B            94 kB
Γö£ Γùï /sitemap.xml                          0 B                0 B
Γöö Γùï /terms                                201 B            94 kB
+ First Load JS shared by all             87.1 kB
  Γö£ chunks/23-f3bd2664991ff6e1.js         31.5 kB
  Γö£ chunks/fd9d1056-1f4c605cebad2e8d.js   53.6 kB
  Γöö other shared chunks (total)           1.89 kB


Γùï  (Static)   prerendered as static content
╞Æ  (Dynamic)  server-rendered on demand

